// Jest Snapshot v1, https://goo.gl/fbAQLP

exports[`<FloatingInfo> snapshots correctly 1`] = `
.c0 {
  font-family: 'Roboto Condensed',sans-serif;
  position: absolute;
  z-index: 10000;
  max-width: 30vw;
  padding: 0.5vw;
  background-color: white;
  color: black;
  pointer-events: none;
}

<div
  class="c0"
  style="left: 100px; top: 70px;"
>
  unit test
</div>
`;
